// Jest Snapshot v1, https://goo.gl/fbAQLP

exports[`Gallery renders the complete page 1`] = `
<section
  className="gallery-area"
>
  <CloudinaryContext
    className="cloud-context"
    cloudName="dws2woreg"
    includeOwnBody={false}
  >
    <GenerateImages
      images={Array []}
      setDeleteId={[Function]}
      setEditorImageId={[Function]}
    />
  </CloudinaryContext>
</section>
`;
